I am jim2
I am joe2
I am /*#sheldon"2
I am &sheldon
